Test     : Increment norm: 0.0111366
Test     : Increment norm: 0.00463284
